// Jest Snapshot v1, https://goo.gl/fbAQLP

exports[`CheckRoles component should render the ManageDropdownRoute component 1`] = `""`;
