// Jest Snapshot v1, https://goo.gl/fbAQLP

exports[`ACTIVE BUSES Renders the component 1`] = `<div />`;
