// Jest Snapshot v1, https://goo.gl/fbAQLP

exports[`Landing page test should render LandingPage 1`] = `
<div>
  <div>
    <div
      className="flex flex-col items-center lg:flex-row xl:flex-row"
    >
      <div>
        <h1
          className="flex flex-col text-3xl md:text-5xl xl:text-5xl font-raleway font-extrabold mx-12 xl:mx-28 mt-24 md:mt-32 xl:mt-32"
        >
          <span>
            hero_head_1
          </span>
          <span
            className="md:ml-10 ml-4"
          >
            hero_head_2
          </span>
        </h1>
        <div
          className="flex flex-col text-sm md:text-xl xl:text-base mx-20 md:ml-32 xl:ml-52 mt-10"
        >
          <p>
            hero_text_1
          </p>
          <div>
            <p
              className="ml-4"
            >
              hero_text_2
            </p>
          </div>
        </div>
        <a
          href="/tracking-page"
          onClick={[Function]}
        >
          <div>
            <button
              className="bg-primary hover:bg-hover text-white rounded-3xl mt-12 px-12 xl:px-12 py-2 ml-28 md:ml-48 xl:ml-64 rounded-xl py-2 text-base md:text-sm px-5"
              type="submit"
            >
              hero_btn
            </button>
          </div>
        </a>
      </div>
      <div
        className="w-full px-20 lg:w-80 xl:w-96 lg:ml-auto xl:ml-auto lg:mr-36 xl:mr-36 lg:px-0 xl:px-0 mt-28"
      >
        <img
          alt="Bus"
          src="bus.png"
        />
      </div>
    </div>
    <div
      className="flex flex-col items-center"
    >
      <h1
        className="text-4xl font-raleway font-extrabold mt-28 xl:mt-44 mb-10 text-center"
      >
        how_it_work
      </h1>
      <div
        className=" flex flex-col lg:flex-row xl:flex-row mt-12 mb-32"
      >
        <div
          className="xl:justify-start xl:pt-2 border w-52 h-52 px-4 text-center flex flex-col justify-center items-center rounded-lg shadow-md"
        >
          <img
            alt="start"
            className="w-12 mt-4"
            src="start.png"
          />
          <h3
            className="font-raley mt-2 font-extrabold text-sm"
          >
            1. start
          </h3>
          <p
            className="font-sans text-center text-sm my-2"
          >
            step_1_text
          </p>
        </div>
        <div
          className="my-28 lg:my-0 xl:my-0 lg:mx-32 xl:mx-32 border w-52 h-52 px-4 text-center flex flex-col justify-center items-center rounded-lg shadow-md"
        >
          <img
            alt="locator"
            className="w-12 mt-4"
            src="locator.png"
          />
          <h3
            className="font-raley mt-2 font-extrabold text-sm"
          >
            2. step_2
          </h3>
          <p
            className="font-sans text-center text-sm my-2"
          >
            step_2_text
          </p>
        </div>
        <div
          className=" border w-52 h-52 px-4 text-center flex flex-col justify-center items-center rounded-lg shadow-md"
        >
          <img
            alt="globe"
            className="w-12 mt-4"
            src="globe.svg"
          />
          <h3
            className="font-raley mt-2 font-extrabold text-sm"
          >
            3. step_3
          </h3>
          <p
            className="font-sans text-center text-sm my-2"
          >
            step_3_text
          </p>
        </div>
      </div>
    </div>
  </div>
</div>
`;
