// Jest Snapshot v1, https://goo.gl/fbAQLP

exports[`RoutingMachine should render the RoutingMachine component 1`] = `<div />`;
