// Jest Snapshot v1, https://goo.gl/fbAQLP

exports[`Footer should render Footer 1`] = `
<footer
  className="flex bg-primary z-20 xl:justify-center md:text-xl text-background font-sans font-sm py-8 lg:py-2 xl:py-2 mt-auto"
>
  <div
    className="flex flex-col lg:flex-row xl:flex-row px-12 text-center items-center"
  >
    <img
      alt="Codebandits"
      className="w-24 ml-2 lg:ml-8 lg:mt-4 xl:mt-2"
      src="codebandits.png"
    />
    <h3
      className="lg:ml-8 xl:ml-20 mt-6 xl:mt-2"
    >
      Â©
      copyrights
       Codebandits 2022
    </h3>
  </div>
  <div
    className="flex flex-col md:text-xl lg:flex-row xl:flex-row lg:mt-7 xl:mt-3 mr-16 md:mx-20 xl:ml-20 ml-auto md:ml-auto"
  >
    <a
      className="xl:ml-0 lg:ml-0 mt-2 text-md mb-4 hover:font-bold"
      href="/"
      onClick={[Function]}
    >
      Support
    </a>
    <a
      className="xl:ml-28 lg:ml-12 mt-2 text-md mb-4 hover:font-bold"
      href="/"
      onClick={[Function]}
    >
      terms
    </a>
    <a
      className="xl:ml-28 lg:ml-12 mt-2 text-md hover:font-bold"
      href="/login"
      onClick={[Function]}
    >
      administration
    </a>
  </div>
</footer>
`;
