// Jest Snapshot v1, https://goo.gl/fbAQLP

exports[`Input should render Input 1`] = `
<div
  className="undefined mb-2 block font-raleway"
>
  <label
    className="block text-grey-darker text-sm font-bold font-rale mb-2"
  />
  <input
    className="undefined appearance-none border font-rale rounded w-full py-2 px-3 text-grey-darker bg-gray-200 text-md outline-hidden"
    required={false}
  />
</div>
`;
