// Jest Snapshot v1, https://goo.gl/fbAQLP

exports[`linkBus should render Mobile menu 1`] = `"None"`;
