// Jest Snapshot v1, https://goo.gl/fbAQLP

exports[`Operator Table Renders the table 1`] = `
Object {
  "asFragment": [Function],
  "baseElement": <body>
    <div>
      <section
        class="flex justify-between content-center pb-7"
      >
        <div>
          <input
            class="p-1 rounded-md border-2"
            name="search"
            placeholder="Search Operators..."
            type="text"
            value=""
          />
        </div>
        
      </section>
      <table
        class="w-full overflow-x-scroll font-raleway"
        role="table"
      >
        <thead>
          <tr
            class="pb-10 "
            role="row"
          >
            <th
              class="text-left font-extrabold pr-5 border-b-2 pb-4"
              colspan="1"
              role="columnheader"
            >
              Names
            </th>
            <th
              class="text-left font-extrabold pr-5 border-b-2 pb-4"
              colspan="1"
              role="columnheader"
            >
              Email
            </th>
            <th
              class="text-left font-extrabold pr-5 border-b-2 pb-4"
              colspan="1"
              role="columnheader"
            >
              Mobile Number
            </th>
            <th
              class="text-left font-extrabold pr-5 border-b-2 pb-4"
              colspan="1"
              role="columnheader"
            >
              Company
            </th>
            <th
              class="text-left font-extrabold pr-5 border-b-2 pb-4"
              colspan="1"
              role="columnheader"
            >
              Management
            </th>
          </tr>
        </thead>
        <tbody
          role="rowgroup"
        >
          <tr
            role="row"
          >
            <td
              class="pr-5 py-4 border-b-2"
              role="cell"
            >
              testName
            </td>
            <td
              class="pr-5 py-4 border-b-2"
              role="cell"
            >
              feyton@hotmail.com
            </td>
            <td
              class="pr-5 py-4 border-b-2"
              role="cell"
            >
              0788352746
            </td>
            <td
              class="pr-5 py-4 border-b-2"
              role="cell"
            >
              Kigali Bus Services
            </td>
            <td
              class="pr-5 py-4 border-b-2"
              role="cell"
            >
              <div
                class="z-10 font-sm"
              >
                <select
                  class="py-1 px-1 font-rale font-bold bg-transparent border rounded-sm"
                  id="select"
                  name=""
                  role="select"
                >
                  <option
                    hidden=""
                    value="manage"
                  >
                    Manage
                  </option>
                  <option
                    value="view"
                  >
                    View
                  </option>
                  
                  
                  
                </select>
              </div>
            </td>
          </tr>
          <tr
            role="row"
          >
            <td
              class="pr-5 py-4 border-b-2"
              role="cell"
            >
              feyton
            </td>
            <td
              class="pr-5 py-4 border-b-2"
              role="cell"
            >
              driver@hotmail.com
            </td>
            <td
              class="pr-5 py-4 border-b-2"
              role="cell"
            >
              0785552746
            </td>
            <td
              class="pr-5 py-4 border-b-2"
              role="cell"
            >
              Kigali Bus Services
            </td>
            <td
              class="pr-5 py-4 border-b-2"
              role="cell"
            >
              <div
                class="z-10 font-sm"
              >
                <select
                  class="py-1 px-1 font-rale font-bold bg-transparent border rounded-sm"
                  id="select"
                  name=""
                  role="select"
                >
                  <option
                    hidden=""
                    value="manage"
                  >
                    Manage
                  </option>
                  <option
                    value="view"
                  >
                    View
                  </option>
                  
                  
                  
                </select>
              </div>
            </td>
          </tr>
        </tbody>
      </table>
    </div>
  </body>,
  "container": <div>
    <section
      class="flex justify-between content-center pb-7"
    >
      <div>
        <input
          class="p-1 rounded-md border-2"
          name="search"
          placeholder="Search Operators..."
          type="text"
          value=""
        />
      </div>
      
    </section>
    <table
      class="w-full overflow-x-scroll font-raleway"
      role="table"
    >
      <thead>
        <tr
          class="pb-10 "
          role="row"
        >
          <th
            class="text-left font-extrabold pr-5 border-b-2 pb-4"
            colspan="1"
            role="columnheader"
          >
            Names
          </th>
          <th
            class="text-left font-extrabold pr-5 border-b-2 pb-4"
            colspan="1"
            role="columnheader"
          >
            Email
          </th>
          <th
            class="text-left font-extrabold pr-5 border-b-2 pb-4"
            colspan="1"
            role="columnheader"
          >
            Mobile Number
          </th>
          <th
            class="text-left font-extrabold pr-5 border-b-2 pb-4"
            colspan="1"
            role="columnheader"
          >
            Company
          </th>
          <th
            class="text-left font-extrabold pr-5 border-b-2 pb-4"
            colspan="1"
            role="columnheader"
          >
            Management
          </th>
        </tr>
      </thead>
      <tbody
        role="rowgroup"
      >
        <tr
          role="row"
        >
          <td
            class="pr-5 py-4 border-b-2"
            role="cell"
          >
            testName
          </td>
          <td
            class="pr-5 py-4 border-b-2"
            role="cell"
          >
            feyton@hotmail.com
          </td>
          <td
            class="pr-5 py-4 border-b-2"
            role="cell"
          >
            0788352746
          </td>
          <td
            class="pr-5 py-4 border-b-2"
            role="cell"
          >
            Kigali Bus Services
          </td>
          <td
            class="pr-5 py-4 border-b-2"
            role="cell"
          >
            <div
              class="z-10 font-sm"
            >
              <select
                class="py-1 px-1 font-rale font-bold bg-transparent border rounded-sm"
                id="select"
                name=""
                role="select"
              >
                <option
                  hidden=""
                  value="manage"
                >
                  Manage
                </option>
                <option
                  value="view"
                >
                  View
                </option>
                
                
                
              </select>
            </div>
          </td>
        </tr>
        <tr
          role="row"
        >
          <td
            class="pr-5 py-4 border-b-2"
            role="cell"
          >
            feyton
          </td>
          <td
            class="pr-5 py-4 border-b-2"
            role="cell"
          >
            driver@hotmail.com
          </td>
          <td
            class="pr-5 py-4 border-b-2"
            role="cell"
          >
            0785552746
          </td>
          <td
            class="pr-5 py-4 border-b-2"
            role="cell"
          >
            Kigali Bus Services
          </td>
          <td
            class="pr-5 py-4 border-b-2"
            role="cell"
          >
            <div
              class="z-10 font-sm"
            >
              <select
                class="py-1 px-1 font-rale font-bold bg-transparent border rounded-sm"
                id="select"
                name=""
                role="select"
              >
                <option
                  hidden=""
                  value="manage"
                >
                  Manage
                </option>
                <option
                  value="view"
                >
                  View
                </option>
                
                
                
              </select>
            </div>
          </td>
        </tr>
      </tbody>
    </table>
  </div>,
  "debug": [Function],
  "findAllByAltText": [Function],
  "findAllByDisplayValue": [Function],
  "findAllByLabelText": [Function],
  "findAllByPlaceholderText": [Function],
  "findAllByRole": [Function],
  "findAllByTestId": [Function],
  "findAllByText": [Function],
  "findAllByTitle": [Function],
  "findByAltText": [Function],
  "findByDisplayValue": [Function],
  "findByLabelText": [Function],
  "findByPlaceholderText": [Function],
  "findByRole": [Function],
  "findByTestId": [Function],
  "findByText": [Function],
  "findByTitle": [Function],
  "getAllByAltText": [Function],
  "getAllByDisplayValue": [Function],
  "getAllByLabelText": [Function],
  "getAllByPlaceholderText": [Function],
  "getAllByRole": [Function],
  "getAllByTestId": [Function],
  "getAllByText": [Function],
  "getAllByTitle": [Function],
  "getByAltText": [Function],
  "getByDisplayValue": [Function],
  "getByLabelText": [Function],
  "getByPlaceholderText": [Function],
  "getByRole": [Function],
  "getByTestId": [Function],
  "getByText": [Function],
  "getByTitle": [Function],
  "queryAllByAltText": [Function],
  "queryAllByDisplayValue": [Function],
  "queryAllByLabelText": [Function],
  "queryAllByPlaceholderText": [Function],
  "queryAllByRole": [Function],
  "queryAllByTestId": [Function],
  "queryAllByText": [Function],
  "queryAllByTitle": [Function],
  "queryByAltText": [Function],
  "queryByDisplayValue": [Function],
  "queryByLabelText": [Function],
  "queryByPlaceholderText": [Function],
  "queryByRole": [Function],
  "queryByTestId": [Function],
  "queryByText": [Function],
  "queryByTitle": [Function],
  "rerender": [Function],
  "unmount": [Function],
}
`;
