// Jest Snapshot v1, https://goo.gl/fbAQLP

exports[`withClickOutside should render withClickOutside 1`] = `<div />`;
