// Jest Snapshot v1, https://goo.gl/fbAQLP

exports[`PublicProfile should render the PublicProfile component 1`] = `
<div
  className="mx-auto items-center w-full h-full p-8 pt-0 top-8 right-2 mb-12"
>
  <div
    className="bg-white rounded-xl shadow-xl z-10"
  />
</div>
`;
