// Jest Snapshot v1, https://goo.gl/fbAQLP

exports[`Management tests it should render Buses Management page 1`] = `
<div>
  <div
    className="flex  content-center flex-col"
  >
    <h1
      className="font-bold font-raleway text-red"
    >
      Error occured
    </h1>
    <div>
      <button
        className="undefined bg-blue-500 hover:bg-blue-600 text-white font-bold py-2 px-4 rounded-xl m-2 "
        onClick={[Function]}
      >
        Try again
      </button>
    </div>
  </div>
</div>
`;

exports[`Management tests it should render Companies Management page 1`] = `
<div>
  Companies management
</div>
`;

exports[`Management tests it should render Drivers Management page 1`] = `
<div>
  <table
    className="min-w-full border-collapse border-0"
  >
    <thead>
      <tr
        className="border-b border-b-secondary-100"
      >
        <th
          className="text-xs  md:text-md md:font-bold text-mainColor font-sans pt-6 pb-2  w-1/12"
        >
          <span
            className=" skeleton-box w-11/12 p-1 md:p-2 mt-2"
          >
             
          </span>
        </th>
        <th
          className="text-xs  md:text-md md:font-bold text-mainColor font-sans pt-6 pb-2  w-4/12"
        >
          <span
            className=" skeleton-box w-11/12 p-1 md:p-2 mt-2"
          >
             
          </span>
        </th>
        <th
          className="text-xs  md:text-md md:font-bold text-mainColor  font-sans pt-6 pb-2 w-3/12"
        >
          <span
            className=" skeleton-box w-11/12 p-1 md:p-2 mt-2"
          >
             
          </span>
        </th>
        <th
          className="text-xs  md:text-md md:font-bold text-mainColor  font-sans pt-6 pb-2 w-3/12"
        >
          <span
            className=" skeleton-box w-11/12 p-1 md:p-2 mt-2"
          >
             
          </span>
        </th>
      </tr>
    </thead>
    <tbody>
      <tr
        className="h-16 text-right border-b border-b-secondary-100 cursor-pointer hover:bg-gray-100"
      >
        <td
          className="text-secondary-200 font-sans text-xs text-center md:text-sm md:font-sans"
        >
          <span
            className=" skeleton-box p-2"
          >
             
          </span>
        </td>
        <td
          className="text-secondary-200 font-sans text-xs text-center md:text-sm md:font-sans"
        >
          <span
            className=" skeleton-box w-1/12 rounded-sm p-1 sm:p-2 md:p-3 mr-3"
          >
             
          </span>
          <span
            className=" skeleton-box w-9/12 p-2"
          >
             
          </span>
        </td>
        <td
          className="text-secondary-200 font-sans text-xs text-center md:text-sm md:font-sans"
        >
          <span
            className=" skeleton-box w-10/12 p-2 mt-2"
          >
             
          </span>
        </td>
        <td
          className="text-secondary-200 font-sans text-xs text-center md:text-sm md:font-sans"
        >
          <span
            className=" skeleton-box w-1/12 rounded-sm p-1 sm:p-2 md:p-3 mr-3"
          >
             
          </span>
          <span
            className=" skeleton-box w-1/12 rounded-sm p-1 sm:p-2 md:p-3 mr-3"
          >
             
          </span>
          <span
            className=" skeleton-box w-1/12 rounded-sm p-1 sm:p-2 md:p-3 mr-3"
          >
             
          </span>
        </td>
      </tr>
      <tr
        className="h-16 text-right border-b border-b-secondary-100 cursor-pointer hover:bg-gray-100"
      >
        <td
          className="text-secondary-200 font-sans text-xs text-center md:text-sm md:font-sans"
        >
          <span
            className=" skeleton-box p-2"
          >
             
          </span>
        </td>
        <td
          className="text-secondary-200 font-sans text-xs text-center md:text-sm md:font-sans"
        >
          <span
            className=" skeleton-box w-1/12 rounded-sm p-1 sm:p-2 md:p-3 mr-3"
          >
             
          </span>
          <span
            className=" skeleton-box w-9/12 p-2"
          >
             
          </span>
        </td>
        <td
          className="text-secondary-200 font-sans text-xs text-center md:text-sm md:font-sans"
        >
          <span
            className=" skeleton-box w-10/12 p-2 mt-2"
          >
             
          </span>
        </td>
        <td
          className="text-secondary-200 font-sans text-xs text-center md:text-sm md:font-sans"
        >
          <span
            className=" skeleton-box w-1/12 rounded-sm p-1 sm:p-2 md:p-3 mr-3"
          >
             
          </span>
          <span
            className=" skeleton-box w-1/12 rounded-sm p-1 sm:p-2 md:p-3 mr-3"
          >
             
          </span>
          <span
            className=" skeleton-box w-1/12 rounded-sm p-1 sm:p-2 md:p-3 mr-3"
          >
             
          </span>
        </td>
      </tr>
      <tr
        className="h-16 text-right border-b border-b-secondary-100 cursor-pointer hover:bg-gray-100"
      >
        <td
          className="text-secondary-200 font-sans text-xs text-center md:text-sm md:font-sans"
        >
          <span
            className=" skeleton-box p-2"
          >
             
          </span>
        </td>
        <td
          className="text-secondary-200 font-sans text-xs text-center md:text-sm md:font-sans"
        >
          <span
            className=" skeleton-box w-1/12 rounded-sm p-1 sm:p-2 md:p-3 mr-3"
          >
             
          </span>
          <span
            className=" skeleton-box w-9/12 p-2"
          >
             
          </span>
        </td>
        <td
          className="text-secondary-200 font-sans text-xs text-center md:text-sm md:font-sans"
        >
          <span
            className=" skeleton-box w-10/12 p-2 mt-2"
          >
             
          </span>
        </td>
        <td
          className="text-secondary-200 font-sans text-xs text-center md:text-sm md:font-sans"
        >
          <span
            className=" skeleton-box w-1/12 rounded-sm p-1 sm:p-2 md:p-3 mr-3"
          >
             
          </span>
          <span
            className=" skeleton-box w-1/12 rounded-sm p-1 sm:p-2 md:p-3 mr-3"
          >
             
          </span>
          <span
            className=" skeleton-box w-1/12 rounded-sm p-1 sm:p-2 md:p-3 mr-3"
          >
             
          </span>
        </td>
      </tr>
      <tr
        className="h-16 text-right border-b border-b-secondary-100 cursor-pointer hover:bg-gray-100"
      >
        <td
          className="text-secondary-200 font-sans text-xs text-center md:text-sm md:font-sans"
        >
          <span
            className=" skeleton-box p-2"
          >
             
          </span>
        </td>
        <td
          className="text-secondary-200 font-sans text-xs text-center md:text-sm md:font-sans"
        >
          <span
            className=" skeleton-box w-1/12 rounded-sm p-1 sm:p-2 md:p-3 mr-3"
          >
             
          </span>
          <span
            className=" skeleton-box w-9/12 p-2"
          >
             
          </span>
        </td>
        <td
          className="text-secondary-200 font-sans text-xs text-center md:text-sm md:font-sans"
        >
          <span
            className=" skeleton-box w-10/12 p-2 mt-2"
          >
             
          </span>
        </td>
        <td
          className="text-secondary-200 font-sans text-xs text-center md:text-sm md:font-sans"
        >
          <span
            className=" skeleton-box w-1/12 rounded-sm p-1 sm:p-2 md:p-3 mr-3"
          >
             
          </span>
          <span
            className=" skeleton-box w-1/12 rounded-sm p-1 sm:p-2 md:p-3 mr-3"
          >
             
          </span>
          <span
            className=" skeleton-box w-1/12 rounded-sm p-1 sm:p-2 md:p-3 mr-3"
          >
             
          </span>
        </td>
      </tr>
      <tr
        className="h-16 text-right border-b border-b-secondary-100 cursor-pointer hover:bg-gray-100"
      >
        <td
          className="text-secondary-200 font-sans text-xs text-center md:text-sm md:font-sans"
        >
          <span
            className=" skeleton-box p-2"
          >
             
          </span>
        </td>
        <td
          className="text-secondary-200 font-sans text-xs text-center md:text-sm md:font-sans"
        >
          <span
            className=" skeleton-box w-1/12 rounded-sm p-1 sm:p-2 md:p-3 mr-3"
          >
             
          </span>
          <span
            className=" skeleton-box w-9/12 p-2"
          >
             
          </span>
        </td>
        <td
          className="text-secondary-200 font-sans text-xs text-center md:text-sm md:font-sans"
        >
          <span
            className=" skeleton-box w-10/12 p-2 mt-2"
          >
             
          </span>
        </td>
        <td
          className="text-secondary-200 font-sans text-xs text-center md:text-sm md:font-sans"
        >
          <span
            className=" skeleton-box w-1/12 rounded-sm p-1 sm:p-2 md:p-3 mr-3"
          >
             
          </span>
          <span
            className=" skeleton-box w-1/12 rounded-sm p-1 sm:p-2 md:p-3 mr-3"
          >
             
          </span>
          <span
            className=" skeleton-box w-1/12 rounded-sm p-1 sm:p-2 md:p-3 mr-3"
          >
             
          </span>
        </td>
      </tr>
    </tbody>
  </table>
</div>
`;

exports[`Management tests it should render Operators Management page 1`] = `
<div>
  <table
    className="min-w-full border-collapse border-0"
  >
    <thead>
      <tr
        className="border-b border-b-secondary-100"
      >
        <th
          className="text-xs  md:text-md md:font-bold text-mainColor font-sans pt-6 pb-2  w-1/12"
        >
          <span
            className=" skeleton-box w-11/12 p-1 md:p-2 mt-2"
          >
             
          </span>
        </th>
        <th
          className="text-xs  md:text-md md:font-bold text-mainColor font-sans pt-6 pb-2  w-4/12"
        >
          <span
            className=" skeleton-box w-11/12 p-1 md:p-2 mt-2"
          >
             
          </span>
        </th>
        <th
          className="text-xs  md:text-md md:font-bold text-mainColor  font-sans pt-6 pb-2 w-3/12"
        >
          <span
            className=" skeleton-box w-11/12 p-1 md:p-2 mt-2"
          >
             
          </span>
        </th>
        <th
          className="text-xs  md:text-md md:font-bold text-mainColor  font-sans pt-6 pb-2 w-3/12"
        >
          <span
            className=" skeleton-box w-11/12 p-1 md:p-2 mt-2"
          >
             
          </span>
        </th>
      </tr>
    </thead>
    <tbody>
      <tr
        className="h-16 text-right border-b border-b-secondary-100 cursor-pointer hover:bg-gray-100"
      >
        <td
          className="text-secondary-200 font-sans text-xs text-center md:text-sm md:font-sans"
        >
          <span
            className=" skeleton-box p-2"
          >
             
          </span>
        </td>
        <td
          className="text-secondary-200 font-sans text-xs text-center md:text-sm md:font-sans"
        >
          <span
            className=" skeleton-box w-1/12 rounded-sm p-1 sm:p-2 md:p-3 mr-3"
          >
             
          </span>
          <span
            className=" skeleton-box w-9/12 p-2"
          >
             
          </span>
        </td>
        <td
          className="text-secondary-200 font-sans text-xs text-center md:text-sm md:font-sans"
        >
          <span
            className=" skeleton-box w-10/12 p-2 mt-2"
          >
             
          </span>
        </td>
        <td
          className="text-secondary-200 font-sans text-xs text-center md:text-sm md:font-sans"
        >
          <span
            className=" skeleton-box w-1/12 rounded-sm p-1 sm:p-2 md:p-3 mr-3"
          >
             
          </span>
          <span
            className=" skeleton-box w-1/12 rounded-sm p-1 sm:p-2 md:p-3 mr-3"
          >
             
          </span>
          <span
            className=" skeleton-box w-1/12 rounded-sm p-1 sm:p-2 md:p-3 mr-3"
          >
             
          </span>
        </td>
      </tr>
      <tr
        className="h-16 text-right border-b border-b-secondary-100 cursor-pointer hover:bg-gray-100"
      >
        <td
          className="text-secondary-200 font-sans text-xs text-center md:text-sm md:font-sans"
        >
          <span
            className=" skeleton-box p-2"
          >
             
          </span>
        </td>
        <td
          className="text-secondary-200 font-sans text-xs text-center md:text-sm md:font-sans"
        >
          <span
            className=" skeleton-box w-1/12 rounded-sm p-1 sm:p-2 md:p-3 mr-3"
          >
             
          </span>
          <span
            className=" skeleton-box w-9/12 p-2"
          >
             
          </span>
        </td>
        <td
          className="text-secondary-200 font-sans text-xs text-center md:text-sm md:font-sans"
        >
          <span
            className=" skeleton-box w-10/12 p-2 mt-2"
          >
             
          </span>
        </td>
        <td
          className="text-secondary-200 font-sans text-xs text-center md:text-sm md:font-sans"
        >
          <span
            className=" skeleton-box w-1/12 rounded-sm p-1 sm:p-2 md:p-3 mr-3"
          >
             
          </span>
          <span
            className=" skeleton-box w-1/12 rounded-sm p-1 sm:p-2 md:p-3 mr-3"
          >
             
          </span>
          <span
            className=" skeleton-box w-1/12 rounded-sm p-1 sm:p-2 md:p-3 mr-3"
          >
             
          </span>
        </td>
      </tr>
      <tr
        className="h-16 text-right border-b border-b-secondary-100 cursor-pointer hover:bg-gray-100"
      >
        <td
          className="text-secondary-200 font-sans text-xs text-center md:text-sm md:font-sans"
        >
          <span
            className=" skeleton-box p-2"
          >
             
          </span>
        </td>
        <td
          className="text-secondary-200 font-sans text-xs text-center md:text-sm md:font-sans"
        >
          <span
            className=" skeleton-box w-1/12 rounded-sm p-1 sm:p-2 md:p-3 mr-3"
          >
             
          </span>
          <span
            className=" skeleton-box w-9/12 p-2"
          >
             
          </span>
        </td>
        <td
          className="text-secondary-200 font-sans text-xs text-center md:text-sm md:font-sans"
        >
          <span
            className=" skeleton-box w-10/12 p-2 mt-2"
          >
             
          </span>
        </td>
        <td
          className="text-secondary-200 font-sans text-xs text-center md:text-sm md:font-sans"
        >
          <span
            className=" skeleton-box w-1/12 rounded-sm p-1 sm:p-2 md:p-3 mr-3"
          >
             
          </span>
          <span
            className=" skeleton-box w-1/12 rounded-sm p-1 sm:p-2 md:p-3 mr-3"
          >
             
          </span>
          <span
            className=" skeleton-box w-1/12 rounded-sm p-1 sm:p-2 md:p-3 mr-3"
          >
             
          </span>
        </td>
      </tr>
      <tr
        className="h-16 text-right border-b border-b-secondary-100 cursor-pointer hover:bg-gray-100"
      >
        <td
          className="text-secondary-200 font-sans text-xs text-center md:text-sm md:font-sans"
        >
          <span
            className=" skeleton-box p-2"
          >
             
          </span>
        </td>
        <td
          className="text-secondary-200 font-sans text-xs text-center md:text-sm md:font-sans"
        >
          <span
            className=" skeleton-box w-1/12 rounded-sm p-1 sm:p-2 md:p-3 mr-3"
          >
             
          </span>
          <span
            className=" skeleton-box w-9/12 p-2"
          >
             
          </span>
        </td>
        <td
          className="text-secondary-200 font-sans text-xs text-center md:text-sm md:font-sans"
        >
          <span
            className=" skeleton-box w-10/12 p-2 mt-2"
          >
             
          </span>
        </td>
        <td
          className="text-secondary-200 font-sans text-xs text-center md:text-sm md:font-sans"
        >
          <span
            className=" skeleton-box w-1/12 rounded-sm p-1 sm:p-2 md:p-3 mr-3"
          >
             
          </span>
          <span
            className=" skeleton-box w-1/12 rounded-sm p-1 sm:p-2 md:p-3 mr-3"
          >
             
          </span>
          <span
            className=" skeleton-box w-1/12 rounded-sm p-1 sm:p-2 md:p-3 mr-3"
          >
             
          </span>
        </td>
      </tr>
      <tr
        className="h-16 text-right border-b border-b-secondary-100 cursor-pointer hover:bg-gray-100"
      >
        <td
          className="text-secondary-200 font-sans text-xs text-center md:text-sm md:font-sans"
        >
          <span
            className=" skeleton-box p-2"
          >
             
          </span>
        </td>
        <td
          className="text-secondary-200 font-sans text-xs text-center md:text-sm md:font-sans"
        >
          <span
            className=" skeleton-box w-1/12 rounded-sm p-1 sm:p-2 md:p-3 mr-3"
          >
             
          </span>
          <span
            className=" skeleton-box w-9/12 p-2"
          >
             
          </span>
        </td>
        <td
          className="text-secondary-200 font-sans text-xs text-center md:text-sm md:font-sans"
        >
          <span
            className=" skeleton-box w-10/12 p-2 mt-2"
          >
             
          </span>
        </td>
        <td
          className="text-secondary-200 font-sans text-xs text-center md:text-sm md:font-sans"
        >
          <span
            className=" skeleton-box w-1/12 rounded-sm p-1 sm:p-2 md:p-3 mr-3"
          >
             
          </span>
          <span
            className=" skeleton-box w-1/12 rounded-sm p-1 sm:p-2 md:p-3 mr-3"
          >
             
          </span>
          <span
            className=" skeleton-box w-1/12 rounded-sm p-1 sm:p-2 md:p-3 mr-3"
          >
             
          </span>
        </td>
      </tr>
    </tbody>
  </table>
</div>
`;

exports[`Management tests it should render Routes Management page 1`] = `
<div>
  <section
    className="flex justify-between content-center pb-7 font-raleway"
  >
    <div>
      <input
        className="p-1 rounded-md border-2"
        name="search"
        onChange={[Function]}
        placeholder="Search routes..."
        type="text"
        value=""
      />
    </div>
    
  </section>
  <table
    className="w-full"
    role="table"
  >
    <thead>
      <tr
        className="pb-10 "
        role="row"
      >
        <th
          className="text-left font-extrabold pr-5 border-b-2 pb-4 font-raleway"
          colSpan={1}
          role="columnheader"
        >
          Destination 1
        </th>
        <th
          className="text-left font-extrabold pr-5 border-b-2 pb-4 font-raleway"
          colSpan={1}
          role="columnheader"
        >
          Destination 2
        </th>
        <th
          className="text-left font-extrabold pr-5 border-b-2 pb-4 font-raleway"
          colSpan={1}
          role="columnheader"
        >
          Distance
        </th>
        <th
          className="text-left font-extrabold pr-5 border-b-2 pb-4 font-raleway"
          colSpan={1}
          role="columnheader"
        >
          Management
        </th>
      </tr>
    </thead>
    <tbody
      role="rowgroup"
    />
  </table>
</div>
`;
