// Jest Snapshot v1, https://goo.gl/fbAQLP

exports[`Edit Page should render the Edit component 1`] = `
<div
  className="w-full"
>
  <form
    className="p-8 shadow-main px-4 flex flex-col w-full md:max-w-lg md:mx-auto"
    onSubmit={[Function]}
  >
    <h1
      className="font-bold text-xl pb-8 text-center "
    >
       
      Update Route
       
    </h1>
    <div
      className="block mb-2"
    >
      <label
        className="block text-grey-darker text-sm font-bold mb-2"
        htmlFor="origin"
      >
        Origin:
      </label>
      <input
        className="appearance-none border font-raleway rounded w-full py-2 px-3 text-grey-darker bg-gray-200 text-md outline-hidden"
        defaultValue="Kimironko"
        name="origin"
        required={true}
      />
    </div>
    <div>
      <label
        className="block text-grey-darker text-sm font-bold mb-2"
        htmlFor="destination"
        name="distance"
      >
        Destination
      </label>
      <input
        className="appearance-none border font-raleway rounded w-full py-2 px-3 text-grey-darker bg-gray-200 text-md outline-hidden"
        defaultValue="Down-town"
        name="destination"
        required={true}
        type="text"
      />
    </div>
    <div>
      <label
        className="block text-grey-darker text-sm font-bold mb-2"
        htmlFor="distance"
        name="distance"
      >
        Distance
      </label>
      <input
        className="appearance-none border font-raleway rounded w-full py-2 px-3 text-grey-darker bg-gray-200 text-md outline-hidden"
        defaultValue={30}
        name="distance"
        required={true}
        type="number"
      />
    </div>
    <div
      className="self-center mt-6"
    >
      <div>
        <button
          className="bg-primary text-sm text-white py-2 px-3 hover:bg-hover rounded-xl py-2 text-base md:text-sm px-5"
          type="submit"
        >
          Update Route
        </button>
      </div>
    </div>
  </form>
</div>
`;
